# ----------------------------------------------------------------------------------------------
# Create Boundary Conditions
#----------------------------------------------------------------------------------------------

#Create blocks for materials

block 1 volume 1
block 1 name "upperCrust"

block 2 volume 4
block 2 name "lowerCrust"

block 3 volume 3
block 3 name "viscoelasticCylinder"

block 4 volume 5
block 4 name "lithosphericMantle"

block 5 volume 2
block 5 name "outerCR"

merge all 
compress all

# Chamber nodesets

group "chamber_top" add node in surface 11 13 15 16
nodeset 1 chamber_top
nodeset 1 name "chamber_top"

group "chamber_bot" add node in surface 12 14 17 18
nodeset 2 chamber_bot
nodeset 2 name "chamber_bot"



# +x face nodeset

group "face_xpos" add node in surface 27 35 38
nodeset 3 face_xpos
nodeset 3 name "face_xpos"

# -x face nodeset

group "face_xneg" add node in surface 25 33 40
nodeset 4 face_xneg
nodeset 4 name "face_xneg"

# +y face nodeset

group "face_ypos" add node in surface 24 36 37
nodeset 5 face_ypos
nodeset 5 name "face_ypos"

# -y face nodeset

group "face_yneg" add node in surface 26 34 39
nodeset 6 face_yneg
nodeset 6 name "face_yneg"

# +z face nodeset

group "face_zpos" add node in surface 9
nodeset 7 face_zpos
nodeset 7 name "face_zpos"

# -z face nodeset

group "face_zneg" add node in surface 10
nodeset 8 face_zneg
nodeset 8 name "face_zneg"

export mesh "run201_run3.exo" dimension 3 overwrite






















































